EN adder_subtracter NULL C:/Users/Rocco/Desktop/MIPS/MIPS2/adder_subtracter.vhdl sub00/vhpl18 1209734492
AR divider behaviour C:/Users/Rocco/Desktop/MIPS/MIPS2/divider.vhdl sub00/vhpl23 1209734497
EN divider NULL C:/Users/Rocco/Desktop/MIPS/MIPS2/divider.vhdl sub00/vhpl22 1209734496
AR lfetch fetch_arch C:/Users/Rocco/Desktop/MIPS/MIPS2/Ifetch.vhd sub00/vhpl05 1209716938
EN cla_four NULL C:/Users/Rocco/Desktop/MIPS/MIPS2/cla_four.vhd sub00/vhpl14 1209734488
EN ldecode NULL C:/Users/Rocco/Desktop/MIPS/MIPS2/ldecode.vhdl sub00/vhpl10 1209717911
EN multiplier NULL C:/Users/Rocco/Desktop/MIPS/MIPS2/multiplier.vhdl sub00/vhpl20 1209734494
AR alu behavior C:/Users/Rocco/Desktop/MIPS/MIPS2/ALU.vhdl sub00/vhpl25 1209734501
AR ram ramarch C:/Users/Rocco/Desktop/MIPS/MIPS2/ram.vhdl sub00/vhpl03 1209716936
AR cla_four cla4_dataflow C:/Users/Rocco/Desktop/MIPS/MIPS2/cla_four.vhd sub00/vhpl15 1209734489
EN lfetch NULL C:/Users/Rocco/Desktop/MIPS/MIPS2/Ifetch.vhd sub00/vhpl04 1209716937
AR rca behavioral_rca C:/Users/Rocco/Desktop/MIPS/MIPS2/rca.vhd sub00/vhpl17 1209734491
AR instruction_register irarch C:/Users/Rocco/Desktop/MIPS/MIPS2/instruction_register.vhdl sub00/vhpl08 1209717908
EN full_adder NULL C:/Users/Rocco/Desktop/MIPS/MIPS2/full_adder.vhd sub00/vhpl12 1209734486
AR multiplier behaviour C:/Users/Rocco/Desktop/MIPS/MIPS2/multiplier.vhdl sub00/vhpl21 1209734495
AR full_adder full_adder_behav C:/Users/Rocco/Desktop/MIPS/MIPS2/full_adder.vhd sub00/vhpl13 1209734487
AR program_counter pcarch C:/Users/Rocco/Desktop/MIPS/MIPS2/program_counter.vhdl sub00/vhpl01 1209734499
AR ldecode behavior C:/Users/Rocco/Desktop/MIPS/MIPS2/ldecode.vhdl sub00/vhpl11 1209717912
AR registers regarch C:/Users/Rocco/Desktop/MIPS/MIPS2/registers.vhdl sub00/vhpl09 1209731743
EN rca NULL C:/Users/Rocco/Desktop/MIPS/MIPS2/rca.vhd sub00/vhpl16 1209734490
AR adder_subtracter behavioral C:/Users/Rocco/Desktop/MIPS/MIPS2/adder_subtracter.vhdl sub00/vhpl19 1209734493
EN ram NULL C:/Users/Rocco/Desktop/MIPS/MIPS2/ram.vhdl sub00/vhpl02 1209716935
AR iexecute behavior C:/Users/Rocco/Desktop/MIPS/MIPS2/iExecute.vhdl sub00/vhpl27 1209734503
EN iexecute NULL C:/Users/Rocco/Desktop/MIPS/MIPS2/iExecute.vhdl sub00/vhpl26 1209734502
EN program_counter NULL C:/Users/Rocco/Desktop/MIPS/MIPS2/program_counter.vhdl sub00/vhpl00 1209734498
EN registers NULL C:/Users/Rocco/Desktop/MIPS/MIPS2/registers.vhdl sub00/vhpl06 1209731742
EN alu NULL C:/Users/Rocco/Desktop/MIPS/MIPS2/ALU.vhdl sub00/vhpl24 1209734500
EN instruction_register NULL C:/Users/Rocco/Desktop/MIPS/MIPS2/instruction_register.vhdl sub00/vhpl07 1209717907
