V3 52
FL C:/Users/Rocco/Desktop/MIPS/MIPS2/adder_subtracter.vhdl 2008/05/02.10:07:40 J.36
EN work/adder_subtracter 1209734492 \
      FL C:/Users/Rocco/Desktop/MIPS/MIPS2/adder_subtracter.vhdl \
      PB ieee/std_logic_1164 1177545575 PB ieee/std_logic_arith 1177545576 \
      PB ieee/STD_LOGIC_UNSIGNED 1177545583
AR work/adder_subtracter/Behavioral 1209734493 \
      FL C:/Users/Rocco/Desktop/MIPS/MIPS2/adder_subtracter.vhdl \
      EN work/adder_subtracter 1209734492 AR work/RCA/Behavioral_RCA 1209734491
FL C:/Users/Rocco/Desktop/MIPS/MIPS2/ALU.vhdl 2008/05/02.15:21:13 J.36
EN work/ALU 1209734500 FL C:/Users/Rocco/Desktop/MIPS/MIPS2/ALU.vhdl \
      PB ieee/std_logic_1164 1177545575 PH ieee/NUMERIC_STD 1177545583 \
      PB ieee/std_logic_arith 1177545576 PB ieee/STD_LOGIC_UNSIGNED 1177545583
AR work/ALU/behavior 1209734501 \
      FL C:/Users/Rocco/Desktop/MIPS/MIPS2/ALU.vhdl EN work/ALU 1209734500 \
      CP adder_subtracter CP multiplier CP divider CP program_counter
FL C:/Users/Rocco/Desktop/MIPS/MIPS2/cla_four.vhd 2008/05/02.10:07:40 J.36
EN work/cla_four 1209734488 FL C:/Users/Rocco/Desktop/MIPS/MIPS2/cla_four.vhd \
      PB ieee/std_logic_1164 1177545575 PB ieee/std_logic_arith 1177545576 \
      PB ieee/STD_LOGIC_UNSIGNED 1177545583
AR work/cla_four/CLA4_dataflow 1209734489 \
      FL C:/Users/Rocco/Desktop/MIPS/MIPS2/cla_four.vhd EN work/cla_four 1209734488 \
      CP full_adder
FL C:/Users/Rocco/Desktop/MIPS/MIPS2/divider.vhdl 2008/05/02.15:06:34 J.36
EN work/divider 1209734496 FL C:/Users/Rocco/Desktop/MIPS/MIPS2/divider.vhdl \
      PB ieee/std_logic_1164 1177545575 PH ieee/NUMERIC_STD 1177545583 \
      PB ieee/std_logic_arith 1177545576 PB ieee/STD_LOGIC_UNSIGNED 1177545583
AR work/divider/behaviour 1209734497 \
      FL C:/Users/Rocco/Desktop/MIPS/MIPS2/divider.vhdl EN work/divider 1209734496
FL C:/Users/Rocco/Desktop/MIPS/MIPS2/full_adder.vhd 2008/05/02.10:07:40 J.36
EN work/full_adder 1209734486 FL C:/Users/Rocco/Desktop/MIPS/MIPS2/full_adder.vhd \
      PB ieee/std_logic_1164 1177545575 PB ieee/std_logic_arith 1177545576 \
      PB ieee/STD_LOGIC_UNSIGNED 1177545583
AR work/full_adder/full_adder_behav 1209734487 \
      FL C:/Users/Rocco/Desktop/MIPS/MIPS2/full_adder.vhd EN work/full_adder 1209734486
FL C:/Users/Rocco/Desktop/MIPS/MIPS2/iExecute.vhdl 2008/05/02.14:55:00 J.36
EN work/iExecute 1209734502 FL C:/Users/Rocco/Desktop/MIPS/MIPS2/iExecute.vhdl \
      PB ieee/std_logic_1164 1177545575 PB ieee/std_logic_arith 1177545576 \
      PB ieee/STD_LOGIC_SIGNED 1177545582
AR work/iExecute/behavior 1209734503 \
      FL C:/Users/Rocco/Desktop/MIPS/MIPS2/iExecute.vhdl EN work/iExecute 1209734502 \
      CP ALU
FL C:/Users/Rocco/Desktop/MIPS/MIPS2/Ifetch.vhd 2008/05/02.10:26:27 J.36
EN work/lfetch 1209716937 FL C:/Users/Rocco/Desktop/MIPS/MIPS2/Ifetch.vhd \
      PB ieee/std_logic_1164 1177545575 PB ieee/std_logic_arith 1177545576 \
      PB ieee/STD_LOGIC_UNSIGNED 1177545583
AR work/lfetch/fetch_arch 1209716938 \
      FL C:/Users/Rocco/Desktop/MIPS/MIPS2/Ifetch.vhd EN work/lfetch 1209716937 \
      CP program_counter CP ram
FL C:/Users/Rocco/Desktop/MIPS/MIPS2/instruction_register.vhdl 2008/05/02.10:39:09 J.36
EN work/instruction_register 1209717907 \
      FL C:/Users/Rocco/Desktop/MIPS/MIPS2/instruction_register.vhdl \
      PB ieee/std_logic_1164 1177545575
AR work/instruction_register/irArch 1209717908 \
      FL C:/Users/Rocco/Desktop/MIPS/MIPS2/instruction_register.vhdl \
      EN work/instruction_register 1209717907
FL C:/Users/Rocco/Desktop/MIPS/MIPS2/ldecode.vhdl 2008/05/02.10:44:27 J.36
EN work/ldecode 1209717911 FL C:/Users/Rocco/Desktop/MIPS/MIPS2/ldecode.vhdl \
      PB ieee/std_logic_1164 1177545575 PB ieee/std_logic_arith 1177545576
AR work/ldecode/behavior 1209717912 \
      FL C:/Users/Rocco/Desktop/MIPS/MIPS2/ldecode.vhdl EN work/ldecode 1209717911 \
      CP instruction_register CP registers
FL C:/Users/Rocco/Desktop/MIPS/MIPS2/multiplier.vhdl 2008/05/02.11:27:23 J.36
EN work/multiplier 1209734494 \
      FL C:/Users/Rocco/Desktop/MIPS/MIPS2/multiplier.vhdl PB ieee/std_logic_1164 1177545575 \
      PH ieee/NUMERIC_STD 1177545583 PB ieee/std_logic_arith 1177545576 \
      PB ieee/STD_LOGIC_UNSIGNED 1177545583
AR work/multiplier/behaviour 1209734495 \
      FL C:/Users/Rocco/Desktop/MIPS/MIPS2/multiplier.vhdl EN work/multiplier 1209734494
FL C:/Users/Rocco/Desktop/MIPS/MIPS2/program_counter.vhdl 2008/05/02.11:49:23 J.36
EN work/program_counter 1209734498 \
      FL C:/Users/Rocco/Desktop/MIPS/MIPS2/program_counter.vhdl \
      PB ieee/std_logic_1164 1177545575 PB ieee/STD_LOGIC_UNSIGNED 1177545583
AR work/program_counter/pcArch 1209734499 \
      FL C:/Users/Rocco/Desktop/MIPS/MIPS2/program_counter.vhdl \
      EN work/program_counter 1209734498
FL C:/Users/Rocco/Desktop/MIPS/MIPS2/ram.vhdl 2008/05/02.10:28:18 J.36
EN work/ram 1209716935 FL C:/Users/Rocco/Desktop/MIPS/MIPS2/ram.vhdl \
      PB ieee/std_logic_1164 1177545575 PB ieee/std_logic_arith 1177545576
AR work/ram/ramArch 1209716936 \
      FL C:/Users/Rocco/Desktop/MIPS/MIPS2/ram.vhdl EN work/ram 1209716935
FL C:/Users/Rocco/Desktop/MIPS/MIPS2/rca.vhd 2008/05/02.10:07:40 J.36
EN work/RCA 1209734490 FL C:/Users/Rocco/Desktop/MIPS/MIPS2/rca.vhd \
      PB ieee/std_logic_1164 1177545575 PB ieee/std_logic_arith 1177545576 \
      PB ieee/STD_LOGIC_UNSIGNED 1177545583
AR work/RCA/Behavioral_RCA 1209734491 \
      FL C:/Users/Rocco/Desktop/MIPS/MIPS2/rca.vhd EN work/RCA 1209734490 \
      CP cla_four
FL C:/Users/Rocco/Desktop/MIPS/MIPS2/registers.vhdl 2008/05/02.10:46:32 J.36
EN work/registers 1209731742 FL C:/Users/Rocco/Desktop/MIPS/MIPS2/registers.vhdl \
      PB ieee/std_logic_1164 1177545575 PB ieee/std_logic_arith 1177545576
AR work/registers/regArch 1209731743 \
      FL C:/Users/Rocco/Desktop/MIPS/MIPS2/registers.vhdl EN work/registers 1209731742
